COMPILING VICTEST1

COMPILING LINE 1 

REM STATEMENT

COMPILING LINE 2 

REM STATEMENT

COMPILING LINE 3 

REM STATEMENT

COMPILING LINE 4 

REM STATEMENT

COMPILING LINE 5 

LET ASIGNMENT STATEMENT
 5632            CLC
 5633            BCC =+5  SKIP OVER DATA
 5635            .BY   138  0  0  0  0 
 5640            LDX #04  ;SIMPLE ASSIGNMENT
 5642            LDA  5635 ,X  ;GET VALUE
 5645            STA  5376 ,X ;MOVE TO VARIABLE A
 5648            DEX
 5649            BPL # 5642   ;LOOP AGAIN

':' STATEMENT SEPARATER

PRINT STATEMENT
PRINT VARIABLE
 5651            LDA # 0 
 5653            LDY # 21 
 5655            JSR $DBA2   ;VAR A TO PFAC
 5658            JSR $DDDD  ; CONVERT TO ASCII
 5661            LDX #0  ;LENGTH=0
 5663            LDA $0100,X
 5666            BEQ # 5674   ;END OF STRING
 5668            JSR $FFD2  ;PRINT ACC
 5671            INX  ;LENGTH=LENGTH+1
 5672            BNE # 5663   ;LOOP AGAIN
 5674            LDA #32  ;BLANK
 5676            JSR $FFD2  ;PRINT ACC
 5679            LDA #$0D ;CRLF
 5681            JSR $FFD2  ;PRINT ACC

COMPILING LINE 10 

END STATEMENT
 5684            RTS

FIRST PASS FINISHED!!!
SOURCE CODE OCCUPIES  5632  TO 5684 
VARIABLES OCCUPY 5376 TO 5505 
